// Jest Snapshot v1, https://goo.gl/fbAQLP

exports[`should render Expense List with expenses 1`] = `ShallowWrapper {}`;

exports[`should render Expense List without expenses 1`] = `ShallowWrapper {}`;
