// Jest Snapshot v1, https://goo.gl/fbAQLP

exports[`should render Expense List Item 1`] = `
<div>
  <Link
    to="/edit/1"
  >
    <h1>
      Rent
    </h1>
  </Link>
  <p>
    <span>
      Rs
    </span>
    3,500
    -
    Jan 1st, 1970
  </p>
</div>
`;
