// Jest Snapshot v1, https://goo.gl/fbAQLP

exports[`should render Not Found Page 1`] = `
<div>
  <p>
    404!
  </p>
  <Link
    to="/"
  >
    Go Home
  </Link>
</div>
`;
